// Jest Snapshot v1, https://goo.gl/fbAQLP

exports[`<Post /> Should match snapshot 1`] = `undefined`;
